// Jest Snapshot v1, https://goo.gl/fbAQLP

exports[`lib --standalone should generate a library with a standalone component as entry point 1`] = `"export * from \\"./lib/my-lib/my-lib.component\\";"`;

exports[`lib --standalone should generate a library with a standalone component as entry point 2`] = `
"import { Component, OnInit } from '@angular/core';
import { CommonModule } from '@angular/common';

@Component({
  selector: 'proj-my-lib',
  standalone: true,
  imports: [CommonModule],
  templateUrl: './my-lib.component.html',
  styleUrls: ['./my-lib.component.css']
})
export class MyLibComponent implements OnInit {

  constructor() { }

  ngOnInit(): void {
  }

}
"
`;

exports[`lib --standalone should generate a library with a standalone component as entry point 3`] = `
"import { ComponentFixture, TestBed } from '@angular/core/testing';

import { MyLibComponent } from './my-lib.component';

describe('MyLibComponent', () => {
  let component: MyLibComponent;
  let fixture: ComponentFixture<MyLibComponent>;

  beforeEach(async () => {
    await TestBed.configureTestingModule({
      imports: [ MyLibComponent ]
    })
    .compileComponents();

    fixture = TestBed.createComponent(MyLibComponent);
    component = fixture.componentInstance;
    fixture.detectChanges();
  });

  it('should create', () => {
    expect(component).toBeTruthy();
  });
});
"
`;

exports[`lib --standalone should generate a library with a standalone component as entry point and set up view encapsulation and change detection 1`] = `"export * from \\"./lib/my-lib/my-lib.component\\";"`;

exports[`lib --standalone should generate a library with a standalone component as entry point and set up view encapsulation and change detection 2`] = `
"import { ChangeDetectionStrategy, Component, OnInit, ViewEncapsulation } from '@angular/core';
import { CommonModule } from '@angular/common';

@Component({
  selector: 'proj-my-lib',
  standalone: true,
  imports: [CommonModule],
  template: \`
    <p>
      my-lib works!
    </p>
  \`,
  styles: [
  ],
  encapsulation: ViewEncapsulation.ShadowDom,
  changeDetection: ChangeDetectionStrategy.OnPush
})
export class MyLibComponent implements OnInit {

  constructor() { }

  ngOnInit(): void {
  }

}
"
`;

exports[`lib --standalone should generate a library with a standalone component as entry point and skip tests 1`] = `"export * from \\"./lib/my-lib/my-lib.component\\";"`;

exports[`lib --standalone should generate a library with a standalone component as entry point and skip tests 2`] = `
"import { Component, OnInit } from '@angular/core';
import { CommonModule } from '@angular/common';

@Component({
  selector: 'proj-my-lib',
  standalone: true,
  imports: [CommonModule],
  template: \`
    <p>
      my-lib works!
    </p>
  \`,
  styles: [
  ]
})
export class MyLibComponent implements OnInit {

  constructor() { }

  ngOnInit(): void {
  }

}
"
`;

exports[`lib --standalone should generate a library with a standalone component as entry point following SFC pattern 1`] = `"export * from \\"./lib/my-lib/my-lib.component\\";"`;

exports[`lib --standalone should generate a library with a standalone component as entry point following SFC pattern 2`] = `
"import { Component, OnInit } from '@angular/core';
import { CommonModule } from '@angular/common';

@Component({
  selector: 'proj-my-lib',
  standalone: true,
  imports: [CommonModule],
  template: \`
    <p>
      my-lib works!
    </p>
  \`,
  styles: [
  ]
})
export class MyLibComponent implements OnInit {

  constructor() { }

  ngOnInit(): void {
  }

}
"
`;

exports[`lib --standalone should generate a library with a standalone component as entry point following SFC pattern 3`] = `
"import { ComponentFixture, TestBed } from '@angular/core/testing';

import { MyLibComponent } from './my-lib.component';

describe('MyLibComponent', () => {
  let component: MyLibComponent;
  let fixture: ComponentFixture<MyLibComponent>;

  beforeEach(async () => {
    await TestBed.configureTestingModule({
      imports: [ MyLibComponent ]
    })
    .compileComponents();

    fixture = TestBed.createComponent(MyLibComponent);
    component = fixture.componentInstance;
    fixture.detectChanges();
  });

  it('should create', () => {
    expect(component).toBeTruthy();
  });
});
"
`;

exports[`lib --standalone should generate a library with a standalone component as entry point with routing setup 1`] = `
"export * from \\"./lib/my-lib/my-lib.component\\";
        export * from './lib/lib.routes'"
`;

exports[`lib --standalone should generate a library with a standalone component as entry point with routing setup 2`] = `
"import { Route } from '@angular/router';
    import { MyLibComponent } from './my-lib/my-lib.component';
    
        export const myLibRoutes: Route[] = [
          {path: '', component: MyLibComponent}
        ];"
`;

exports[`lib --standalone should generate a library with a standalone component as entry point with routing setup 3`] = `
"import { Component, OnInit } from '@angular/core';
import { CommonModule } from '@angular/common';

@Component({
  selector: 'proj-my-lib',
  standalone: true,
  imports: [CommonModule],
  templateUrl: './my-lib.component.html',
  styleUrls: ['./my-lib.component.css']
})
export class MyLibComponent implements OnInit {

  constructor() { }

  ngOnInit(): void {
  }

}
"
`;

exports[`lib --standalone should generate a library with a standalone component as entry point with routing setup 4`] = `
"import { ComponentFixture, TestBed } from '@angular/core/testing';

import { MyLibComponent } from './my-lib.component';

describe('MyLibComponent', () => {
  let component: MyLibComponent;
  let fixture: ComponentFixture<MyLibComponent>;

  beforeEach(async () => {
    await TestBed.configureTestingModule({
      imports: [ MyLibComponent ]
    })
    .compileComponents();

    fixture = TestBed.createComponent(MyLibComponent);
    component = fixture.componentInstance;
    fixture.detectChanges();
  });

  it('should create', () => {
    expect(component).toBeTruthy();
  });
});
"
`;

exports[`lib --standalone should generate a library with a standalone component as entry point with routing setup and attach it to parent module as a lazy child 1`] = `
"export * from \\"./lib/my-lib/my-lib.component\\";
        export * from './lib/lib.routes'"
`;

exports[`lib --standalone should generate a library with a standalone component as entry point with routing setup and attach it to parent module as a lazy child 2`] = `
"import { Route } from '@angular/router';
    import { MyLibComponent } from './my-lib/my-lib.component';
    
        export const myLibRoutes: Route[] = [
          {path: '', component: MyLibComponent}
        ];"
`;

exports[`lib --standalone should generate a library with a standalone component as entry point with routing setup and attach it to parent module as a lazy child 3`] = `
"import { Route } from '@angular/router';

export const appRoutes: Route[] = [
    {path: 'my-lib', loadChildren: () => import('@proj/my-lib').then(m => m.myLibRoutes)},]"
`;

exports[`lib --standalone should generate a library with a standalone component as entry point with routing setup and attach it to parent module as direct child 1`] = `
"export * from \\"./lib/my-lib/my-lib.component\\";
        export * from './lib/lib.routes'"
`;

exports[`lib --standalone should generate a library with a standalone component as entry point with routing setup and attach it to parent module as direct child 2`] = `
"import { Route } from '@angular/router';
    import { MyLibComponent } from './my-lib/my-lib.component';
    
        export const myLibRoutes: Route[] = [
          {path: '', component: MyLibComponent}
        ];"
`;

exports[`lib --standalone should generate a library with a standalone component as entry point with routing setup and attach it to parent module as direct child 3`] = `
"import { Route } from '@angular/router';
import { myLibRoutes } from '@proj/my-lib';

export const appRoutes: Route[] = [
    { path: 'my-lib', children: myLibRoutes },]"
`;
