// Jest Snapshot v1, https://goo.gl/fbAQLP

exports[`lib should generate azure CI config 1`] = `
"name: CI

trigger:
  - main
pr:
  - main

variables:
  CI: 'true'
  NX_CLOUD_DISTRIBUTED_EXECUTION: 'true'
  \${{ if eq(variables['Build.Reason'], 'PullRequest') }}:
    NX_BRANCH: $(System.PullRequest.PullRequestNumber)
    TARGET_BRANCH: $[replace(variables['System.PullRequest.TargetBranch'],'refs/heads/','origin/')]
    BASE_SHA: $(git merge-base $(TARGET_BRANCH) HEAD)
  \${{ if ne(variables['Build.Reason'], 'PullRequest') }}:
    NX_BRANCH: $(Build.SourceBranchName)
    BASE_SHA: $(git rev-parse HEAD~1)
  HEAD_SHA: $(git rev-parse HEAD)

jobs:
  - job: agents
    strategy:
      parallel: 3
    displayName: Nx Cloud Agent
    pool:
      vmImage: 'ubuntu-latest'
    steps:
      - script: yarn install --frozen-lockfile
        displayName: NPM Install Dependencies
      - script: npx nx-cloud start-agent
        displayName: Start Nx-Cloud agent

  - job: main
    displayName: Nx Cloud Main
    pool:
      vmImage: 'ubuntu-latest'
    steps:
      - script: yarn install --frozen-lockfile
        displayName: NPM Install Dependencies
      - script: yarn nx-cloud start-ci-run --stop-agents-after=\\"build\\" --agent-count=3
        displayName: Start CI run
      - script: yarn nx-cloud record -- yarn nx workspace-lint
        displayName: Run workspace lint
      - script: yarn nx-cloud record -- yarn nx format:check --base=$(BASE_SHA) --head=$(HEAD_SHA)
        displayName: Check format
      - script: yarn nx affected --base=$(BASE_SHA) --head=$(HEAD_SHA) --target=lint --parallel=3
        displayName: Run lint
      - script: yarn nx affected --base=$(BASE_SHA) --head=$(HEAD_SHA) --target=test --parallel=3 --ci --code-coverage
        displayName: Run test
      - script: yarn nx affected --base=$(BASE_SHA) --head=$(HEAD_SHA) --target=build --parallel=3
        displayName: Run build
      - script: yarn nx-cloud stop-all-agents
        condition: always()
        displayName: Stop all Nx-Cloud agents
"
`;

exports[`lib should generate circleci CI config 1`] = `
"version: 2.1

orbs:
  nx: nrwl/nx@1.5.1

jobs:
  agent:
    docker:
      - image: cimg/node:lts-browsers
    parameters:
      ordinal:
        type: integer
    steps:
      - checkout
      - run:
          name: Install dependencies
          command: yarn install --frozen-lockfile
      - run:
          name: Start the agent << parameters.ordinal >>
          command: yarn nx-cloud start-agent
          no_output_timeout: 60m
  main:
    docker:
      - image: cimg/node:lts-browsers
    environment:
      NX_CLOUD_DISTRIBUTED_EXECUTION: 'true'
    steps:
      - checkout
      - run:
          name: Install dependencies
          command: yarn install --frozen-lockfile
      - nx/set-shas:
          main-branch-name: 'main'
      - run:
          name: Initialize the Nx Cloud distributed CI run
          command: yarn nx-cloud start-ci-run --stop-agents-after=\\"build\\" --agent-count=3
      - run:
          name: Run workspace lint
          command: yarn nx-cloud record -- yarn nx workspace-lint
      - run:
          name: Check format
          command: yarn nx-cloud record -- yarn nx format:check --base=$NX_BASE --head=$NX_HEAD
      - run:
          name: Run lint
          command: yarn nx affected --base=$NX_BASE --head=$NX_HEAD --target=lint --parallel=3
      - run:
          name: Run test
          command: yarn nx affected --base=$NX_BASE --head=$NX_HEAD --target=test --parallel=3 --ci --code-coverage
      - run:
          name: Run build
          command: yarn nx affected --base=$NX_BASE --head=$NX_HEAD --target=build --parallel=3
      - run:
          name: Stop all agents
          command: yarn nx-cloud stop-all-agents
          when: always

workflows:
  version: 2

  ci:
    jobs:
      - agent:
          name: Nx Cloud Agent << matrix.ordinal >>
          matrix:
            parameters:
              ordinal: [1, 2, 3]
      - main:
          name: Nx Cloud Main
"
`;

exports[`lib should generate github CI config 1`] = `
"name: CI

on:
  push:
    branches:
      - main
  pull_request:

jobs:
  main:
    name: Nx Cloud - Main Job
    uses: nrwl/ci/.github/workflows/nx-cloud-main.yml@v0.7
    with:
      number-of-agents: 3
      init-commands: |
        yarn nx-cloud start-ci-run --stop-agents-after=\\"build\\" --agent-count=3
      parallel-commands: |
        yarn nx-cloud record -- yarn nx workspace-lint
        yarn nx-cloud record -- yarn nx format:check
      parallel-commands-on-agents: |
        yarn nx affected --target=lint --parallel=3
        yarn nx affected --target=test --parallel=3 --ci --code-coverage
        yarn nx affected --target=build --parallel=3

  agents:
    name: Nx Cloud - Agents
    uses: nrwl/ci/.github/workflows/nx-cloud-agents.yml@v0.7
    with:
      number-of-agents: 3
"
`;

exports[`lib should generate github CI config with custom name 1`] = `
"name: My custom-workflow

on:
  push:
    branches:
      - main
  pull_request:

jobs:
  main:
    name: Nx Cloud - Main Job
    uses: nrwl/ci/.github/workflows/nx-cloud-main.yml@v0.7
    with:
      number-of-agents: 3
      init-commands: |
        yarn nx-cloud start-ci-run --stop-agents-after=\\"build\\" --agent-count=3
      parallel-commands: |
        yarn nx-cloud record -- yarn nx workspace-lint
        yarn nx-cloud record -- yarn nx format:check
      parallel-commands-on-agents: |
        yarn nx affected --target=lint --parallel=3
        yarn nx affected --target=test --parallel=3 --ci --code-coverage
        yarn nx affected --target=build --parallel=3

  agents:
    name: Nx Cloud - Agents
    uses: nrwl/ci/.github/workflows/nx-cloud-agents.yml@v0.7
    with:
      number-of-agents: 3
"
`;

exports[`lib should throw error is nx cloud is not set 1`] = `"This workspace is not connected to Nx Cloud."`;
